
Allocating common symbols
Common symbol       size              file

i                   0x4               ..\obj\main.o
counter             0x2               ..\obj\main.o
data                0x2               ..\obj\main.o
sendData            0x1               ..\obj\main.o
spi                 0x12              ..\obj\main.o
port                0x4               ..\obj\main.o

Discarded input sections

 .text          0x00000000        0x0 ..\obj\system_stm32f10x.o
 .data          0x00000000       0x14 ..\obj\system_stm32f10x.o
 .bss           0x00000000        0x0 ..\obj\system_stm32f10x.o
 .text.SystemCoreClockUpdate
                0x00000000       0xd8 ..\obj\system_stm32f10x.o
 .text          0x00000000        0x0 ..\obj\startup_stm32f10x_md.o
 .data          0x00000000        0x0 ..\obj\startup_stm32f10x_md.o
 .bss           0x00000000        0x0 ..\obj\startup_stm32f10x_md.o
 .text          0x00000000        0x0 ..\obj\stm32f10x_gpio.o
 .data          0x00000000        0x0 ..\obj\stm32f10x_gpio.o
 .bss           0x00000000        0x0 ..\obj\stm32f10x_gpio.o
 .text.GPIO_DeInit
                0x00000000       0xe4 ..\obj\stm32f10x_gpio.o
 .text.GPIO_AFIODeInit
                0x00000000       0x18 ..\obj\stm32f10x_gpio.o
 .text.GPIO_ReadInputData
                0x00000000       0x18 ..\obj\stm32f10x_gpio.o
 .text.GPIO_ReadOutputDataBit
                0x00000000       0x34 ..\obj\stm32f10x_gpio.o
 .text.GPIO_ReadOutputData
                0x00000000       0x18 ..\obj\stm32f10x_gpio.o
 .text.GPIO_WriteBit
                0x00000000       0x30 ..\obj\stm32f10x_gpio.o
 .text.GPIO_Write
                0x00000000       0x1c ..\obj\stm32f10x_gpio.o
 .text.GPIO_PinLockConfig
                0x00000000       0x44 ..\obj\stm32f10x_gpio.o
 .text.GPIO_EventOutputConfig
                0x00000000       0x4c ..\obj\stm32f10x_gpio.o
 .text.GPIO_EventOutputCmd
                0x00000000       0x20 ..\obj\stm32f10x_gpio.o
 .text.GPIO_PinRemapConfig
                0x00000000       0xe0 ..\obj\stm32f10x_gpio.o
 .text.GPIO_EXTILineConfig
                0x00000000       0x84 ..\obj\stm32f10x_gpio.o
 .text.GPIO_ETH_MediaInterfaceConfig
                0x00000000       0x1c ..\obj\stm32f10x_gpio.o
 .text          0x00000000        0x0 ..\obj\main.o
 .data          0x00000000        0x0 ..\obj\main.o
 .text          0x00000000        0x0 ..\obj\stm32f10x_rcc.o
 .data          0x00000000       0x14 ..\obj\stm32f10x_rcc.o
 .bss           0x00000000        0x0 ..\obj\stm32f10x_rcc.o
 .text.RCC_DeInit
                0x00000000       0x5c ..\obj\stm32f10x_rcc.o
 .text.RCC_HSEConfig
                0x00000000       0x5c ..\obj\stm32f10x_rcc.o
 .text.RCC_WaitForHSEStartUp
                0x00000000       0x50 ..\obj\stm32f10x_rcc.o
 .text.RCC_AdjustHSICalibrationValue
                0x00000000       0x3c ..\obj\stm32f10x_rcc.o
 .text.RCC_HSICmd
                0x00000000       0x20 ..\obj\stm32f10x_rcc.o
 .text.RCC_PLLConfig
                0x00000000       0x3c ..\obj\stm32f10x_rcc.o
 .text.RCC_PLLCmd
                0x00000000       0x20 ..\obj\stm32f10x_rcc.o
 .text.RCC_SYSCLKConfig
                0x00000000       0x38 ..\obj\stm32f10x_rcc.o
 .text.RCC_GetSYSCLKSource
                0x00000000       0x1c ..\obj\stm32f10x_rcc.o
 .text.RCC_HCLKConfig
                0x00000000       0x38 ..\obj\stm32f10x_rcc.o
 .text.RCC_PCLK1Config
                0x00000000       0x38 ..\obj\stm32f10x_rcc.o
 .text.RCC_PCLK2Config
                0x00000000       0x38 ..\obj\stm32f10x_rcc.o
 .text.RCC_ITConfig
                0x00000000       0x4c ..\obj\stm32f10x_rcc.o
 .text.RCC_USBCLKConfig
                0x00000000       0x1c ..\obj\stm32f10x_rcc.o
 .text.RCC_ADCCLKConfig
                0x00000000       0x38 ..\obj\stm32f10x_rcc.o
 .text.RCC_LSEConfig
                0x00000000       0x40 ..\obj\stm32f10x_rcc.o
 .text.RCC_LSICmd
                0x00000000       0x20 ..\obj\stm32f10x_rcc.o
 .text.RCC_RTCCLKConfig
                0x00000000       0x24 ..\obj\stm32f10x_rcc.o
 .text.RCC_RTCCLKCmd
                0x00000000       0x20 ..\obj\stm32f10x_rcc.o
 .text.RCC_GetClocksFreq
                0x00000000      0x160 ..\obj\stm32f10x_rcc.o
 .text.RCC_AHBPeriphClockCmd
                0x00000000       0x3c ..\obj\stm32f10x_rcc.o
 .text.RCC_APB2PeriphResetCmd
                0x00000000       0x3c ..\obj\stm32f10x_rcc.o
 .text.RCC_APB1PeriphResetCmd
                0x00000000       0x3c ..\obj\stm32f10x_rcc.o
 .text.RCC_BackupResetCmd
                0x00000000       0x20 ..\obj\stm32f10x_rcc.o
 .text.RCC_ClockSecuritySystemCmd
                0x00000000       0x20 ..\obj\stm32f10x_rcc.o
 .text.RCC_MCOConfig
                0x00000000       0x20 ..\obj\stm32f10x_rcc.o
 .text.RCC_GetFlagStatus
                0x00000000       0x74 ..\obj\stm32f10x_rcc.o
 .text.RCC_ClearFlag
                0x00000000       0x1c ..\obj\stm32f10x_rcc.o
 .text.RCC_GetITStatus
                0x00000000       0x34 ..\obj\stm32f10x_rcc.o
 .text.RCC_ClearITPendingBit
                0x00000000       0x20 ..\obj\stm32f10x_rcc.o
 .text          0x00000000        0x0 ..\obj\stm32f10x_spi.o
 .data          0x00000000        0x0 ..\obj\stm32f10x_spi.o
 .bss           0x00000000        0x0 ..\obj\stm32f10x_spi.o
 .text.SPI_I2S_DeInit
                0x00000000       0x74 ..\obj\stm32f10x_spi.o
 .text.I2S_Init
                0x00000000      0x168 ..\obj\stm32f10x_spi.o
 .text.I2S_StructInit
                0x00000000       0x38 ..\obj\stm32f10x_spi.o
 .text.I2S_Cmd  0x00000000       0x40 ..\obj\stm32f10x_spi.o
 .text.SPI_I2S_ITConfig
                0x00000000       0x60 ..\obj\stm32f10x_spi.o
 .text.SPI_I2S_DMACmd
                0x00000000       0x48 ..\obj\stm32f10x_spi.o
 .text.SPI_I2S_ReceiveData
                0x00000000       0x18 ..\obj\stm32f10x_spi.o
 .text.SPI_NSSInternalSoftwareConfig
                0x00000000       0x44 ..\obj\stm32f10x_spi.o
 .text.SPI_SSOutputCmd
                0x00000000       0x40 ..\obj\stm32f10x_spi.o
 .text.SPI_DataSizeConfig
                0x00000000       0x38 ..\obj\stm32f10x_spi.o
 .text.SPI_TransmitCRC
                0x00000000       0x24 ..\obj\stm32f10x_spi.o
 .text.SPI_CalculateCRC
                0x00000000       0x40 ..\obj\stm32f10x_spi.o
 .text.SPI_GetCRC
                0x00000000       0x30 ..\obj\stm32f10x_spi.o
 .text.SPI_GetCRCPolynomial
                0x00000000       0x18 ..\obj\stm32f10x_spi.o
 .text.SPI_BiDirectionalLineConfig
                0x00000000       0x40 ..\obj\stm32f10x_spi.o
 .text.SPI_I2S_GetFlagStatus
                0x00000000       0x38 ..\obj\stm32f10x_spi.o
 .text.SPI_I2S_ClearFlag
                0x00000000       0x20 ..\obj\stm32f10x_spi.o
 .text.SPI_I2S_GetITStatus
                0x00000000       0x74 ..\obj\stm32f10x_spi.o
 .text.SPI_I2S_ClearITPendingBit
                0x00000000       0x34 ..\obj\stm32f10x_spi.o

Memory Configuration

Name             Origin             Length             Attributes
rom              0x08000000         0x00010000         xr
ram              0x20000000         0x00005000         xrw
*default*        0x00000000         0xffffffff

Linker script and memory map

                0x20005000                _eram = 0x20005000

.text           0x08000000      0xc8c
 *(.isr_vector)
 .isr_vector    0x08000000      0x10c ..\obj\startup_stm32f10x_md.o
                0x08000000                g_pfnVectors
 *(.text*)
 .text.SystemInit
                0x0800010c       0x68 ..\obj\system_stm32f10x.o
                0x0800010c                SystemInit
 .text.SetSysClock
                0x08000174        0xc ..\obj\system_stm32f10x.o
 .text.SetSysClockTo72
                0x08000180      0x100 ..\obj\system_stm32f10x.o
 .text.Default_Reset_Handler
                0x08000280       0x60 ..\obj\startup_stm32f10x_md.o
                0x08000280                Default_Reset_Handler
                0x08000280                Reset_Handler
 .text.Default_Handler
                0x080002e0        0x8 ..\obj\startup_stm32f10x_md.o
                0x080002e0                EXTI2_IRQHandler
                0x080002e0                DebugMon_Handler
                0x080002e0                TIM1_CC_IRQHandler
                0x080002e0                HardFault_Handler
                0x080002e0                SysTick_Handler
                0x080002e0                PVD_IRQHandler
                0x080002e0                PendSV_Handler
                0x080002e0                NMI_Handler
                0x080002e0                EXTI3_IRQHandler
                0x080002e0                EXTI0_IRQHandler
                0x080002e0                I2C2_EV_IRQHandler
                0x080002e0                UsageFault_Handler
                0x080002e0                ADC1_2_IRQHandler
                0x080002e0                SPI1_IRQHandler
                0x080002e0                TAMPER_IRQHandler
                0x080002e0                DMA1_Channel4_IRQHandler
                0x080002e0                USART3_IRQHandler
                0x080002e0                RTC_IRQHandler
                0x080002e0                DMA1_Channel7_IRQHandler
                0x080002e0                CAN1_RX1_IRQHandler
                0x080002e0                TIM4_IRQHandler
                0x080002e0                I2C1_EV_IRQHandler
                0x080002e0                DMA1_Channel6_IRQHandler
                0x080002e0                TIM3_IRQHandler
                0x080002e0                RCC_IRQHandler
                0x080002e0                TIM1_TRG_COM_IRQHandler
                0x080002e0                DMA1_Channel1_IRQHandler
                0x080002e0                EXTI15_10_IRQHandler
                0x080002e0                EXTI9_5_IRQHandler
                0x080002e0                SPI2_IRQHandler
                0x080002e0                MemManage_Handler
                0x080002e0                SVC_Handler
                0x080002e0                DMA1_Channel5_IRQHandler
                0x080002e0                EXTI4_IRQHandler
                0x080002e0                USB_LP_CAN1_RX0_IRQHandler
                0x080002e0                USB_HP_CAN1_TX_IRQHandler
                0x080002e0                DMA1_Channel3_IRQHandler
                0x080002e0                TIM1_UP_IRQHandler
                0x080002e0                WWDG_IRQHandler
                0x080002e0                TIM2_IRQHandler
                0x080002e0                TIM1_BRK_IRQHandler
                0x080002e0                EXTI1_IRQHandler
                0x080002e0                RTCAlarm_IRQHandler
                0x080002e0                USART2_IRQHandler
                0x080002e0                I2C2_ER_IRQHandler
                0x080002e0                DMA1_Channel2_IRQHandler
                0x080002e0                CAN1_SCE_IRQHandler
                0x080002e0                FLASH_IRQHandler
                0x080002e0                BusFault_Handler
                0x080002e0                USART1_IRQHandler
                0x080002e0                I2C1_ER_IRQHandler
                0x080002e0                USBWakeUp_IRQHandler
 .text.GPIO_Init
                0x080002e8      0x178 ..\obj\stm32f10x_gpio.o
                0x080002e8                GPIO_Init
 .text.GPIO_StructInit
                0x08000460       0x28 ..\obj\stm32f10x_gpio.o
                0x08000460                GPIO_StructInit
 .text.GPIO_ReadInputDataBit
                0x08000488       0x34 ..\obj\stm32f10x_gpio.o
                0x08000488                GPIO_ReadInputDataBit
 .text.GPIO_SetBits
                0x080004bc       0x1c ..\obj\stm32f10x_gpio.o
                0x080004bc                GPIO_SetBits
 .text.GPIO_ResetBits
                0x080004d8       0x1c ..\obj\stm32f10x_gpio.o
                0x080004d8                GPIO_ResetBits
 .text.initAll  0x080004f4       0xf0 ..\obj\main.o
                0x080004f4                initAll
 .text.blink    0x080005e4       0x64 ..\obj\main.o
                0x080005e4                blink
 .text.funbut   0x08000648      0x244 ..\obj\main.o
                0x08000648                funbut
 .text.tik_tak  0x0800088c      0x214 ..\obj\main.o
                0x0800088c                tik_tak
 .text.main     0x08000aa0       0x48 ..\obj\main.o
                0x08000aa0                main
 .text.RCC_APB2PeriphClockCmd
                0x08000ae8       0x3c ..\obj\stm32f10x_rcc.o
                0x08000ae8                RCC_APB2PeriphClockCmd
 .text.RCC_APB1PeriphClockCmd
                0x08000b24       0x3c ..\obj\stm32f10x_rcc.o
                0x08000b24                RCC_APB1PeriphClockCmd
 .text.SPI_Init
                0x08000b60       0x88 ..\obj\stm32f10x_spi.o
                0x08000b60                SPI_Init
 .text.SPI_StructInit
                0x08000be8       0x48 ..\obj\stm32f10x_spi.o
                0x08000be8                SPI_StructInit
 .text.SPI_Cmd  0x08000c30       0x40 ..\obj\stm32f10x_spi.o
                0x08000c30                SPI_Cmd
 .text.SPI_I2S_SendData
                0x08000c70       0x1c ..\obj\stm32f10x_spi.o
                0x08000c70                SPI_I2S_SendData
 *(.init)
 *(.fini)
 *crtbegin.o(.ctors)
 *crtbegin?.o(.ctors)
 *(EXCLUDE_FILE(*crtend.o *crtend?.o) .ctors)
 *(SORT(.ctors.*))
 *(.ctors)
 *crtbegin.o(.dtors)
 *crtbegin?.o(.dtors)
 *(EXCLUDE_FILE(*crtend.o *crtend?.o) .dtors)
 *(SORT(.dtors.*))
 *(.dtors)
 *(.rodata*)
 *(.eh_fram e*)

.glue_7         0x08000c8c        0x0
 .glue_7        0x08000c8c        0x0 linker stubs

.glue_7t        0x08000c8c        0x0
 .glue_7t       0x08000c8c        0x0 linker stubs

.vfp11_veneer   0x08000c8c        0x0
 .vfp11_veneer  0x08000c8c        0x0 linker stubs

.v4_bx          0x08000c8c        0x0
 .v4_bx         0x08000c8c        0x0 linker stubs

.iplt           0x08000c8c        0x0
 .iplt          0x08000c8c        0x0 ..\obj\system_stm32f10x.o

.rel.dyn        0x08000c8c        0x0
 .rel.iplt      0x08000c8c        0x0 ..\obj\system_stm32f10x.o

.ARM.extab
 *(.ARM.extab* .gnu.linkonce.armextab.*)
                0x08000c8c                __exidx_start = .

.ARM.exidx
 *(.ARM.exidx* .gnu.linkonce.armexidx.*)
                0x08000c8c                __exidx_end = .
                0x08000c8c                __etext = .
                0x08000c8c                _sidata = __etext

.data           0x20000000        0x0 load address 0x08000c8c
                0x20000000                __data_start__ = .
                0x20000000                _sdata = __data_start__
 *(vtable)
 *(.data*)
                0x20000000                . = ALIGN (0x4)
                [!provide]                PROVIDE (__preinit_array_start, .)
 *(.preinit_array)
                [!provide]                PROVIDE (__preinit_array_end, .)
                0x20000000                . = ALIGN (0x4)
                [!provide]                PROVIDE (__init_array_start, .)
 *(SORT(.init_array.*))
 *(.init_array)
                [!provide]                PROVIDE (__init_array_end, .)
                0x20000000                . = ALIGN (0x4)
                [!provide]                PROVIDE (__fini_array_start, .)
 *(SORT(.fini_array.*))
 *(.fini_array)
                [!provide]                PROVIDE (__fini_array_end, .)
 *(.jcr*)
                0x20000000                . = ALIGN (0x4)
                0x20000000                __data_end__ = .
                0x20000000                _edata = __data_end__

.igot.plt       0x20000000        0x0
 .igot.plt      0x20000000        0x0 ..\obj\system_stm32f10x.o

.bss            0x20000000       0x50
                0x20000000                . = ALIGN (0x4)
                0x20000000                __bss_start__ = .
                0x20000000                _sbss = __bss_start__
 *(.bss*)
 .bss           0x20000000       0x2c ..\obj\main.o
                0x20000000                tiktak
                0x20000004                tiktak1
                0x20000008                tiktak2
                0x2000000c                tiktak3
                0x20000010                tiktak4
                0x20000014                tiktak5
                0x20000018                tiktak6
                0x2000001c                tiktak7
                0x20000020                tiktak8
                0x20000024                tiktak9
                0x20000028                tiktak0
 *(COMMON)
 COMMON         0x2000002c       0x24 ..\obj\main.o
                0x2000002c                i
                0x20000030                counter
                0x20000032                data
                0x20000034                sendData
                0x20000038                spi
                0x2000004c                port
                0x20000050                . = ALIGN (0x4)
                0x20000050                __bss_end__ = .
                0x20000050                _ebss = __bss_end__

.heap           0x20000050        0x0
                0x20000050                __end__ = .
                0x20000050                _end = __end__
                0x20000050                end = __end__
 *(.heap*)
                0x20000050                __HeapLimit = .

.co_stack       0x20000050      0x400
                0x20000050                . = ALIGN (0x8)
 *(.co_stack .co_stack.*)
 .co_stack      0x20000050      0x400 ..\obj\startup_stm32f10x_md.o
                0x20000050                pulStack
                0x20005000                __StackTop = (ORIGIN (ram) + LENGTH (ram))
                0x20004c00                __StackLimit = (__StackTop - SIZEOF (.co_stack))
                [!provide]                PROVIDE (__stack, __StackTop)
                0x00000001                ASSERT ((__StackLimit >= __HeapLimit), region ram  overflowed with stack)
LOAD ..\obj\system_stm32f10x.o
LOAD ..\obj\startup_stm32f10x_md.o
LOAD ..\obj\stm32f10x_gpio.o
LOAD ..\obj\main.o
LOAD ..\obj\stm32f10x_rcc.o
LOAD ..\obj\stm32f10x_spi.o
START GROUP
LOAD c:/program files (x86)/gnu tools arm embedded/5.3 2016q1/bin/../lib/gcc/arm-none-eabi/5.3.1/armv7-m\libgcc.a
LOAD c:/program files (x86)/gnu tools arm embedded/5.3 2016q1/bin/../lib/gcc/arm-none-eabi/5.3.1/../../../../arm-none-eabi/lib/armv7-m\libg.a
LOAD c:/program files (x86)/gnu tools arm embedded/5.3 2016q1/bin/../lib/gcc/arm-none-eabi/5.3.1/../../../../arm-none-eabi/lib/armv7-m\libc.a
END GROUP
OUTPUT(MASTER_ZAMOK.elf elf32-littlearm)

.debug_info     0x00000000     0x237b
 .debug_info    0x00000000      0x49c ..\obj\system_stm32f10x.o
 .debug_info    0x0000049c       0xee ..\obj\startup_stm32f10x_md.o
 .debug_info    0x0000058a      0x6f6 ..\obj\stm32f10x_gpio.o
 .debug_info    0x00000c80      0x55d ..\obj\main.o
 .debug_info    0x000011dd      0x8a3 ..\obj\stm32f10x_rcc.o
 .debug_info    0x00001a80      0x8fb ..\obj\stm32f10x_spi.o

.debug_abbrev   0x00000000      0x8b9
 .debug_abbrev  0x00000000      0x14e ..\obj\system_stm32f10x.o
 .debug_abbrev  0x0000014e       0xa7 ..\obj\startup_stm32f10x_md.o
 .debug_abbrev  0x000001f5      0x1cc ..\obj\stm32f10x_gpio.o
 .debug_abbrev  0x000003c1      0x1bc ..\obj\main.o
 .debug_abbrev  0x0000057d      0x1bc ..\obj\stm32f10x_rcc.o
 .debug_abbrev  0x00000739      0x180 ..\obj\stm32f10x_spi.o

.debug_aranges  0x00000000      0x330
 .debug_aranges
                0x00000000       0x38 ..\obj\system_stm32f10x.o
 .debug_aranges
                0x00000038       0x28 ..\obj\startup_stm32f10x_md.o
 .debug_aranges
                0x00000060       0xa8 ..\obj\stm32f10x_gpio.o
 .debug_aranges
                0x00000108       0x40 ..\obj\main.o
 .debug_aranges
                0x00000148      0x118 ..\obj\stm32f10x_rcc.o
 .debug_aranges
                0x00000260       0xd0 ..\obj\stm32f10x_spi.o

.debug_ranges   0x00000000      0x2d0
 .debug_ranges  0x00000000       0x28 ..\obj\system_stm32f10x.o
 .debug_ranges  0x00000028       0x18 ..\obj\startup_stm32f10x_md.o
 .debug_ranges  0x00000040       0x98 ..\obj\stm32f10x_gpio.o
 .debug_ranges  0x000000d8       0x30 ..\obj\main.o
 .debug_ranges  0x00000108      0x108 ..\obj\stm32f10x_rcc.o
 .debug_ranges  0x00000210       0xc0 ..\obj\stm32f10x_spi.o

.debug_line     0x00000000     0x1310
 .debug_line    0x00000000      0x224 ..\obj\system_stm32f10x.o
 .debug_line    0x00000224       0xa2 ..\obj\startup_stm32f10x_md.o
 .debug_line    0x000002c6      0x3d4 ..\obj\stm32f10x_gpio.o
 .debug_line    0x0000069a      0x376 ..\obj\main.o
 .debug_line    0x00000a10      0x4cf ..\obj\stm32f10x_rcc.o
 .debug_line    0x00000edf      0x431 ..\obj\stm32f10x_spi.o

.debug_str      0x00000000      0xf6b
 .debug_str     0x00000000      0x283 ..\obj\system_stm32f10x.o
                                0x2f7 (size before relaxing)
 .debug_str     0x00000283       0xb0 ..\obj\startup_stm32f10x_md.o
                                0x147 (size before relaxing)
 .debug_str     0x00000333      0x3b5 ..\obj\stm32f10x_gpio.o
                                0x521 (size before relaxing)
 .debug_str     0x000006e8      0x1c9 ..\obj\main.o
                                0x466 (size before relaxing)
 .debug_str     0x000008b1      0x3e8 ..\obj\stm32f10x_rcc.o
                                0x622 (size before relaxing)
 .debug_str     0x00000c99      0x2d2 ..\obj\stm32f10x_spi.o
                                0x605 (size before relaxing)

.comment        0x00000000       0x6e
 .comment       0x00000000       0x6e ..\obj\system_stm32f10x.o
                                 0x6f (size before relaxing)
 .comment       0x0000006e       0x6f ..\obj\startup_stm32f10x_md.o
 .comment       0x0000006e       0x6f ..\obj\stm32f10x_gpio.o
 .comment       0x0000006e       0x6f ..\obj\main.o
 .comment       0x0000006e       0x6f ..\obj\stm32f10x_rcc.o
 .comment       0x0000006e       0x6f ..\obj\stm32f10x_spi.o

.ARM.attributes
                0x00000000       0x33
 .ARM.attributes
                0x00000000       0x33 ..\obj\system_stm32f10x.o
 .ARM.attributes
                0x00000033       0x33 ..\obj\startup_stm32f10x_md.o
 .ARM.attributes
                0x00000066       0x33 ..\obj\stm32f10x_gpio.o
 .ARM.attributes
                0x00000099       0x33 ..\obj\main.o
 .ARM.attributes
                0x000000cc       0x33 ..\obj\stm32f10x_rcc.o
 .ARM.attributes
                0x000000ff       0x33 ..\obj\stm32f10x_spi.o

.debug_frame    0x00000000      0xcfc
 .debug_frame   0x00000000       0x98 ..\obj\system_stm32f10x.o
 .debug_frame   0x00000098       0x4c ..\obj\startup_stm32f10x_md.o
 .debug_frame   0x000000e4      0x2d0 ..\obj\stm32f10x_gpio.o
 .debug_frame   0x000003b4       0xb4 ..\obj\main.o
 .debug_frame   0x00000468      0x4f4 ..\obj\stm32f10x_rcc.o
 .debug_frame   0x0000095c      0x3a0 ..\obj\stm32f10x_spi.o
